// Jest Snapshot v1, https://goo.gl/fbAQLP

exports[`Mounted App renders correctly 1`] = `
<div
  id="app"
>
  <router-view />
</div>
`;
